Archive member included to satisfy reference by file (symbol)

/opt/st/stm32cubeide_1.3.0/plugins/com.st.stm32cube.ide.mcu.externaltools.gnu-tools-for-stm32.7-2018-q2-update.linux64_1.0.0.201904181610/tools/bin/../lib/gcc/arm-none-eabi/7.3.1/../../../../arm-none-eabi/lib/thumb/v7-m/libc_nano.a(lib_a-errno.o)
                              Core/Src/syscalls.o (__errno)
/opt/st/stm32cubeide_1.3.0/plugins/com.st.stm32cube.ide.mcu.externaltools.gnu-tools-for-stm32.7-2018-q2-update.linux64_1.0.0.201904181610/tools/bin/../lib/gcc/arm-none-eabi/7.3.1/../../../../arm-none-eabi/lib/thumb/v7-m/libc_nano.a(lib_a-exit.o)
                              /opt/st/stm32cubeide_1.3.0/plugins/com.st.stm32cube.ide.mcu.externaltools.gnu-tools-for-stm32.7-2018-q2-update.linux64_1.0.0.201904181610/tools/bin/../lib/gcc/arm-none-eabi/7.3.1/../../../../arm-none-eabi/lib/thumb/v7-m/crt0.o (exit)
/opt/st/stm32cubeide_1.3.0/plugins/com.st.stm32cube.ide.mcu.externaltools.gnu-tools-for-stm32.7-2018-q2-update.linux64_1.0.0.201904181610/tools/bin/../lib/gcc/arm-none-eabi/7.3.1/../../../../arm-none-eabi/lib/thumb/v7-m/libc_nano.a(lib_a-impure.o)
                              /opt/st/stm32cubeide_1.3.0/plugins/com.st.stm32cube.ide.mcu.externaltools.gnu-tools-for-stm32.7-2018-q2-update.linux64_1.0.0.201904181610/tools/bin/../lib/gcc/arm-none-eabi/7.3.1/../../../../arm-none-eabi/lib/thumb/v7-m/libc_nano.a(lib_a-exit.o) (_global_impure_ptr)
/opt/st/stm32cubeide_1.3.0/plugins/com.st.stm32cube.ide.mcu.externaltools.gnu-tools-for-stm32.7-2018-q2-update.linux64_1.0.0.201904181610/tools/bin/../lib/gcc/arm-none-eabi/7.3.1/../../../../arm-none-eabi/lib/thumb/v7-m/libc_nano.a(lib_a-init.o)
                              /opt/st/stm32cubeide_1.3.0/plugins/com.st.stm32cube.ide.mcu.externaltools.gnu-tools-for-stm32.7-2018-q2-update.linux64_1.0.0.201904181610/tools/bin/../lib/gcc/arm-none-eabi/7.3.1/../../../../arm-none-eabi/lib/thumb/v7-m/crt0.o (__libc_init_array)
/opt/st/stm32cubeide_1.3.0/plugins/com.st.stm32cube.ide.mcu.externaltools.gnu-tools-for-stm32.7-2018-q2-update.linux64_1.0.0.201904181610/tools/bin/../lib/gcc/arm-none-eabi/7.3.1/../../../../arm-none-eabi/lib/thumb/v7-m/libc_nano.a(lib_a-memset.o)
                              /opt/st/stm32cubeide_1.3.0/plugins/com.st.stm32cube.ide.mcu.externaltools.gnu-tools-for-stm32.7-2018-q2-update.linux64_1.0.0.201904181610/tools/bin/../lib/gcc/arm-none-eabi/7.3.1/../../../../arm-none-eabi/lib/thumb/v7-m/crt0.o (memset)

Allocating common symbols
Common symbol       size              file

hUsbDeviceFS        0x2c4             USB_DEVICE/App/usb_device.o
uwTick              0x4               Drivers/STM32F1xx_HAL_Driver/Src/stm32f1xx_hal.o
pFlash              0x20              Drivers/STM32F1xx_HAL_Driver/Src/stm32f1xx_hal_flash.o
UserRxBufferFS      0x3e8             USB_DEVICE/App/usbd_cdc_if.o
UserTxBufferFS      0x3e8             USB_DEVICE/App/usbd_cdc_if.o
hpcd_USB_FS         0x2ec             USB_DEVICE/Target/usbd_conf.o
USBD_StrDesc        0x200             USB_DEVICE/App/usbd_desc.o

Discarded input sections

 .text          0x0000000000000000        0x0 /opt/st/stm32cubeide_1.3.0/plugins/com.st.stm32cube.ide.mcu.externaltools.gnu-tools-for-stm32.7-2018-q2-update.linux64_1.0.0.201904181610/tools/bin/../lib/gcc/arm-none-eabi/7.3.1/thumb/v7-m/crti.o
 .data          0x0000000000000000        0x0 /opt/st/stm32cubeide_1.3.0/plugins/com.st.stm32cube.ide.mcu.externaltools.gnu-tools-for-stm32.7-2018-q2-update.linux64_1.0.0.201904181610/tools/bin/../lib/gcc/arm-none-eabi/7.3.1/thumb/v7-m/crti.o
 .bss           0x0000000000000000        0x0 /opt/st/stm32cubeide_1.3.0/plugins/com.st.stm32cube.ide.mcu.externaltools.gnu-tools-for-stm32.7-2018-q2-update.linux64_1.0.0.201904181610/tools/bin/../lib/gcc/arm-none-eabi/7.3.1/thumb/v7-m/crti.o
 .data          0x0000000000000000        0x4 /opt/st/stm32cubeide_1.3.0/plugins/com.st.stm32cube.ide.mcu.externaltools.gnu-tools-for-stm32.7-2018-q2-update.linux64_1.0.0.201904181610/tools/bin/../lib/gcc/arm-none-eabi/7.3.1/thumb/v7-m/crtbegin.o
 .text          0x0000000000000000       0x74 /opt/st/stm32cubeide_1.3.0/plugins/com.st.stm32cube.ide.mcu.externaltools.gnu-tools-for-stm32.7-2018-q2-update.linux64_1.0.0.201904181610/tools/bin/../lib/gcc/arm-none-eabi/7.3.1/../../../../arm-none-eabi/lib/thumb/v7-m/crt0.o
 .data          0x0000000000000000        0x0 /opt/st/stm32cubeide_1.3.0/plugins/com.st.stm32cube.ide.mcu.externaltools.gnu-tools-for-stm32.7-2018-q2-update.linux64_1.0.0.201904181610/tools/bin/../lib/gcc/arm-none-eabi/7.3.1/../../../../arm-none-eabi/lib/thumb/v7-m/crt0.o
 .bss           0x0000000000000000        0x0 /opt/st/stm32cubeide_1.3.0/plugins/com.st.stm32cube.ide.mcu.externaltools.gnu-tools-for-stm32.7-2018-q2-update.linux64_1.0.0.201904181610/tools/bin/../lib/gcc/arm-none-eabi/7.3.1/../../../../arm-none-eabi/lib/thumb/v7-m/crt0.o
[...]
Memory Configuration

Name             Origin             Length             Attributes
RAM              0x0000000020000000 0x0000000000005000 xrw
FLASH            0x0000000008000000 0x0000000000010000 xr
*default*        0x0000000000000000 0xffffffffffffffff

Linker script and memory map

LOAD /opt/st/stm32cubeide_1.3.0/plugins/com.st.stm32cube.ide.mcu.externaltools.gnu-tools-for-stm32.7-2018-q2-update.linux64_1.0.0.201904181610/tools/bin/../lib/gcc/arm-none-eabi/7.3.1/thumb/v7-m/crti.o
LOAD /opt/st/stm32cubeide_1.3.0/plugins/com.st.stm32cube.ide.mcu.externaltools.gnu-tools-for-stm32.7-2018-q2-update.linux64_1.0.0.201904181610/tools/bin/../lib/gcc/arm-none-eabi/7.3.1/thumb/v7-m/crtbegin.o
LOAD /opt/st/stm32cubeide_1.3.0/plugins/com.st.stm32cube.ide.mcu.externaltools.gnu-tools-for-stm32.7-2018-q2-update.linux64_1.0.0.201904181610/tools/bin/../lib/gcc/arm-none-eabi/7.3.1/../../../../arm-none-eabi/lib/thumb/v7-m/crt0.o
LOAD Core/Src/main.o
LOAD Core/Src/stm32f1xx_hal_msp.o
LOAD Core/Src/stm32f1xx_it.o
LOAD Core/Src/syscalls.o
LOAD Core/Src/system_stm32f1xx.o
LOAD Core/Startup/startup_stm32f103c8tx.o
LOAD Drivers/STM32F1xx_HAL_Driver/Src/stm32f1xx_hal.o
LOAD Drivers/STM32F1xx_HAL_Driver/Src/stm32f1xx_hal_cortex.o
LOAD Drivers/STM32F1xx_HAL_Driver/Src/stm32f1xx_hal_dma.o
LOAD Drivers/STM32F1xx_HAL_Driver/Src/stm32f1xx_hal_exti.o
LOAD Drivers/STM32F1xx_HAL_Driver/Src/stm32f1xx_hal_flash.o
LOAD Drivers/STM32F1xx_HAL_Driver/Src/stm32f1xx_hal_flash_ex.o
LOAD Drivers/STM32F1xx_HAL_Driver/Src/stm32f1xx_hal_gpio.o
LOAD Drivers/STM32F1xx_HAL_Driver/Src/stm32f1xx_hal_gpio_ex.o
LOAD Drivers/STM32F1xx_HAL_Driver/Src/stm32f1xx_hal_pcd.o
LOAD Drivers/STM32F1xx_HAL_Driver/Src/stm32f1xx_hal_pcd_ex.o
LOAD Drivers/STM32F1xx_HAL_Driver/Src/stm32f1xx_hal_pwr.o
LOAD Drivers/STM32F1xx_HAL_Driver/Src/stm32f1xx_hal_rcc.o
LOAD Drivers/STM32F1xx_HAL_Driver/Src/stm32f1xx_hal_rcc_ex.o
LOAD Drivers/STM32F1xx_HAL_Driver/Src/stm32f1xx_hal_tim.o
LOAD Drivers/STM32F1xx_HAL_Driver/Src/stm32f1xx_hal_tim_ex.o
LOAD Drivers/STM32F1xx_HAL_Driver/Src/stm32f1xx_ll_usb.o
LOAD Middlewares/ST/STM32_USB_Device_Library/Class/CDC/Src/usbd_cdc.o
LOAD Middlewares/ST/STM32_USB_Device_Library/Core/Src/usbd_core.o
LOAD Middlewares/ST/STM32_USB_Device_Library/Core/Src/usbd_ctlreq.o
LOAD Middlewares/ST/STM32_USB_Device_Library/Core/Src/usbd_ioreq.o
LOAD USB_DEVICE/App/usb_device.o
LOAD USB_DEVICE/App/usbd_cdc_if.o
LOAD USB_DEVICE/App/usbd_desc.o
LOAD USB_DEVICE/Target/usbd_conf.o
START GROUP
LOAD /opt/st/stm32cubeide_1.3.0/plugins/com.st.stm32cube.ide.mcu.externaltools.gnu-tools-for-stm32.7-2018-q2-update.linux64_1.0.0.201904181610/tools/bin/../lib/gcc/arm-none-eabi/7.3.1/../../../../arm-none-eabi/lib/thumb/v7-m/libc_nano.a
LOAD /opt/st/stm32cubeide_1.3.0/plugins/com.st.stm32cube.ide.mcu.externaltools.gnu-tools-for-stm32.7-2018-q2-update.linux64_1.0.0.201904181610/tools/bin/../lib/gcc/arm-none-eabi/7.3.1/../../../../arm-none-eabi/lib/thumb/v7-m/libm.a
END GROUP
START GROUP
LOAD /opt/st/stm32cubeide_1.3.0/plugins/com.st.stm32cube.ide.mcu.externaltools.gnu-tools-for-stm32.7-2018-q2-update.linux64_1.0.0.201904181610/tools/bin/../lib/gcc/arm-none-eabi/7.3.1/thumb/v7-m/libgcc.a
LOAD /opt/st/stm32cubeide_1.3.0/plugins/com.st.stm32cube.ide.mcu.externaltools.gnu-tools-for-stm32.7-2018-q2-update.linux64_1.0.0.201904181610/tools/bin/../lib/gcc/arm-none-eabi/7.3.1/../../../../arm-none-eabi/lib/thumb/v7-m/libc_nano.a
END GROUP
START GROUP
LOAD /opt/st/stm32cubeide_1.3.0/plugins/com.st.stm32cube.ide.mcu.externaltools.gnu-tools-for-stm32.7-2018-q2-update.linux64_1.0.0.201904181610/tools/bin/../lib/gcc/arm-none-eabi/7.3.1/thumb/v7-m/libgcc.a
LOAD /opt/st/stm32cubeide_1.3.0/plugins/com.st.stm32cube.ide.mcu.externaltools.gnu-tools-for-stm32.7-2018-q2-update.linux64_1.0.0.201904181610/tools/bin/../lib/gcc/arm-none-eabi/7.3.1/../../../../arm-none-eabi/lib/thumb/v7-m/libc_nano.a
LOAD /opt/st/stm32cubeide_1.3.0/plugins/com.st.stm32cube.ide.mcu.externaltools.gnu-tools-for-stm32.7-2018-q2-update.linux64_1.0.0.201904181610/tools/bin/../lib/gcc/arm-none-eabi/7.3.1/../../../../arm-none-eabi/lib/thumb/v7-m/libnosys.a
END GROUP
START GROUP
LOAD /opt/st/stm32cubeide_1.3.0/plugins/com.st.stm32cube.ide.mcu.externaltools.gnu-tools-for-stm32.7-2018-q2-update.linux64_1.0.0.201904181610/tools/bin/../lib/gcc/arm-none-eabi/7.3.1/thumb/v7-m/libgcc.a
LOAD /opt/st/stm32cubeide_1.3.0/plugins/com.st.stm32cube.ide.mcu.externaltools.gnu-tools-for-stm32.7-2018-q2-update.linux64_1.0.0.201904181610/tools/bin/../lib/gcc/arm-none-eabi/7.3.1/../../../../arm-none-eabi/lib/thumb/v7-m/libc_nano.a
LOAD /opt/st/stm32cubeide_1.3.0/plugins/com.st.stm32cube.ide.mcu.externaltools.gnu-tools-for-stm32.7-2018-q2-update.linux64_1.0.0.201904181610/tools/bin/../lib/gcc/arm-none-eabi/7.3.1/../../../../arm-none-eabi/lib/thumb/v7-m/libnosys.a
END GROUP
LOAD /opt/st/stm32cubeide_1.3.0/plugins/com.st.stm32cube.ide.mcu.externaltools.gnu-tools-for-stm32.7-2018-q2-update.linux64_1.0.0.201904181610/tools/bin/../lib/gcc/arm-none-eabi/7.3.1/thumb/v7-m/crtend.o
LOAD /opt/st/stm32cubeide_1.3.0/plugins/com.st.stm32cube.ide.mcu.externaltools.gnu-tools-for-stm32.7-2018-q2-update.linux64_1.0.0.201904181610/tools/bin/../lib/gcc/arm-none-eabi/7.3.1/thumb/v7-m/crtn.o
                0x0000000020005000                _estack = (ORIGIN (RAM) + LENGTH (RAM))
                0x0000000000000200                _Min_Heap_Size = 0x200
                0x0000000000000400                _Min_Stack_Size = 0x400

.isr_vector     0x0000000008000000      0x10c
                0x0000000008000000                . = ALIGN (0x4)
 *(.isr_vector)
 .isr_vector    0x0000000008000000      0x10c Core/Startup/startup_stm32f103c8tx.o
                0x0000000008000000                g_pfnVectors
                0x000000000800010c                . = ALIGN (0x4)

.text           0x000000000800010c     0x6a5c
                0x000000000800010c                . = ALIGN (0x4)
 *(.text)
 .text          0x000000000800010c       0x40 /opt/st/stm32cubeide_1.3.0/plugins/com.st.stm32cube.ide.mcu.externaltools.gnu-tools-for-stm32.7-2018-q2-update.linux64_1.0.0.201904181610/tools/bin/../lib/gcc/arm-none-eabi/7.3.1/thumb/v7-m/crtbegin.o
 *(.text*)
 .text.main     0x000000000800014c       0x16 Core/Src/main.o
                0x000000000800014c                main
 .text.SystemClock_Config
                0x0000000008000162       0xb4 Core/Src/main.o
                0x0000000008000162                SystemClock_Config
 *fill*         0x0000000008000216        0x2 
 .text.MX_GPIO_Init
                0x0000000008000218       0x98 Core/Src/main.o
 .text.Error_Handler
                0x00000000080002b0        0xc Core/Src/main.o
                0x00000000080002b0                Error_Handler
 .text.HAL_MspInit
                0x00000000080002bc       0x64 Core/Src/stm32f1xx_hal_msp.o
                0x00000000080002bc                HAL_MspInit
 .text.NMI_Handler
                0x0000000008000320        0xc Core/Src/stm32f1xx_it.o
                0x0000000008000320                NMI_Handler
 .text.HardFault_Handler
                0x000000000800032c        0x6 Core/Src/stm32f1xx_it.o
                0x000000000800032c                HardFault_Handler
 .text.MemManage_Handler
                0x0000000008000332        0x6 Core/Src/stm32f1xx_it.o
                0x0000000008000332                MemManage_Handler
 .text.BusFault_Handler
                0x0000000008000338        0x6 Core/Src/stm32f1xx_it.o
                0x0000000008000338                BusFault_Handler
 .text.UsageFault_Handler
                0x000000000800033e        0x6 Core/Src/stm32f1xx_it.o
                0x000000000800033e                UsageFault_Handler
 .text.SVC_Handler
                0x0000000008000344        0xc Core/Src/stm32f1xx_it.o
                0x0000000008000344                SVC_Handler
 .text.DebugMon_Handler
                0x0000000008000350        0xc Core/Src/stm32f1xx_it.o
                0x0000000008000350                DebugMon_Handler
 .text.PendSV_Handler
                0x000000000800035c        0xc Core/Src/stm32f1xx_it.o
                0x000000000800035c                PendSV_Handler
 .text.SysTick_Handler
                0x0000000008000368        0xc Core/Src/stm32f1xx_it.o
                0x0000000008000368                SysTick_Handler
 .text.USB_LP_CAN1_RX0_IRQHandler
                0x0000000008000374       0x14 Core/Src/stm32f1xx_it.o
                0x0000000008000374                USB_LP_CAN1_RX0_IRQHandler
 .text.SystemInit
                0x0000000008000388       0x68 Core/Src/system_stm32f1xx.o
                0x0000000008000388                SystemInit
 .text.Reset_Handler
                0x00000000080003f0       0x48 Core/Startup/startup_stm32f103c8tx.o
                0x00000000080003f0                Reset_Handler
 .text.Default_Handler
                0x0000000008000438        0x2 Core/Startup/startup_stm32f103c8tx.o
                0x0000000008000438                RTC_Alarm_IRQHandler
                0x0000000008000438                EXTI2_IRQHandler
                0x0000000008000438                TIM1_CC_IRQHandler
                0x0000000008000438                PVD_IRQHandler
                0x0000000008000438                EXTI3_IRQHandler
                0x0000000008000438                EXTI0_IRQHandler
                0x0000000008000438                I2C2_EV_IRQHandler
                0x0000000008000438                ADC1_2_IRQHandler
                0x0000000008000438                SPI1_IRQHandler
                0x0000000008000438                TAMPER_IRQHandler
                0x0000000008000438                DMA1_Channel4_IRQHandler
                0x0000000008000438                USART3_IRQHandler
                0x0000000008000438                RTC_IRQHandler
                0x0000000008000438                DMA1_Channel7_IRQHandler
                0x0000000008000438                CAN1_RX1_IRQHandler
                0x0000000008000438                TIM4_IRQHandler
                0x0000000008000438                I2C1_EV_IRQHandler
                0x0000000008000438                DMA1_Channel6_IRQHandler
                0x0000000008000438                TIM3_IRQHandler
                0x0000000008000438                RCC_IRQHandler
                0x0000000008000438                TIM1_TRG_COM_IRQHandler
                0x0000000008000438                DMA1_Channel1_IRQHandler
                0x0000000008000438                Default_Handler
                0x0000000008000438                EXTI15_10_IRQHandler
                0x0000000008000438                EXTI9_5_IRQHandler
                0x0000000008000438                SPI2_IRQHandler
                0x0000000008000438                DMA1_Channel5_IRQHandler
                0x0000000008000438                EXTI4_IRQHandler
                0x0000000008000438                USB_HP_CAN1_TX_IRQHandler
                0x0000000008000438                DMA1_Channel3_IRQHandler
                0x0000000008000438                TIM1_UP_IRQHandler
                0x0000000008000438                WWDG_IRQHandler
                0x0000000008000438                TIM2_IRQHandler
                0x0000000008000438                TIM1_BRK_IRQHandler
                0x0000000008000438                EXTI1_IRQHandler
                0x0000000008000438                USART2_IRQHandler
                0x0000000008000438                I2C2_ER_IRQHandler
                0x0000000008000438                DMA1_Channel2_IRQHandler
                0x0000000008000438                CAN1_SCE_IRQHandler
                0x0000000008000438                FLASH_IRQHandler
                0x0000000008000438                USART1_IRQHandler
                0x0000000008000438                I2C1_ER_IRQHandler
                0x0000000008000438                USBWakeUp_IRQHandler
 *fill*         0x000000000800043a        0x2 
 .text.HAL_Init
                0x000000000800043c       0x2c Drivers/STM32F1xx_HAL_Driver/Src/stm32f1xx_hal.o
                0x000000000800043c                HAL_Init
 .text.HAL_InitTick
                0x0000000008000468       0x60 Drivers/STM32F1xx_HAL_Driver/Src/stm32f1xx_hal.o
                0x0000000008000468                HAL_InitTick
 .text.HAL_IncTick
                0x00000000080004c8       0x24 Drivers/STM32F1xx_HAL_Driver/Src/stm32f1xx_hal.o
                0x00000000080004c8                HAL_IncTick
 .text.HAL_GetTick
                0x00000000080004ec       0x14 Drivers/STM32F1xx_HAL_Driver/Src/stm32f1xx_hal.o
                0x00000000080004ec                HAL_GetTick
 .text.__NVIC_SetPriorityGrouping
                0x0000000008000500       0x48 Drivers/STM32F1xx_HAL_Driver/Src/stm32f1xx_hal_cortex.o
 .text.__NVIC_GetPriorityGrouping
                0x0000000008000548       0x1c Drivers/STM32F1xx_HAL_Driver/Src/stm32f1xx_hal_cortex.o
 .text.__NVIC_EnableIRQ
                0x0000000008000564       0x38 Drivers/STM32F1xx_HAL_Driver/Src/stm32f1xx_hal_cortex.o
 .text.__NVIC_SetPriority
                0x000000000800059c       0x54 Drivers/STM32F1xx_HAL_Driver/Src/stm32f1xx_hal_cortex.o
 .text.NVIC_EncodePriority
                0x00000000080005f0       0x64 Drivers/STM32F1xx_HAL_Driver/Src/stm32f1xx_hal_cortex.o
 .text.SysTick_Config
                0x0000000008000654       0x44 Drivers/STM32F1xx_HAL_Driver/Src/stm32f1xx_hal_cortex.o
 .text.HAL_NVIC_SetPriorityGrouping
                0x0000000008000698       0x16 Drivers/STM32F1xx_HAL_Driver/Src/stm32f1xx_hal_cortex.o
                0x0000000008000698                HAL_NVIC_SetPriorityGrouping
 .text.HAL_NVIC_SetPriority
                0x00000000080006ae       0x38 Drivers/STM32F1xx_HAL_Driver/Src/stm32f1xx_hal_cortex.o
                0x00000000080006ae                HAL_NVIC_SetPriority
 .text.HAL_NVIC_EnableIRQ
                0x00000000080006e6       0x1c Drivers/STM32F1xx_HAL_Driver/Src/stm32f1xx_hal_cortex.o
                0x00000000080006e6                HAL_NVIC_EnableIRQ
 .text.HAL_SYSTICK_Config
                0x0000000008000702       0x18 Drivers/STM32F1xx_HAL_Driver/Src/stm32f1xx_hal_cortex.o
                0x0000000008000702                HAL_SYSTICK_Config
 *fill*         0x000000000800071a        0x2 
 .text.HAL_GPIO_Init
                0x000000000800071c      0x2b4 Drivers/STM32F1xx_HAL_Driver/Src/stm32f1xx_hal_gpio.o
                0x000000000800071c                HAL_GPIO_Init
 .text.HAL_GPIO_WritePin
                0x00000000080009d0       0x30 Drivers/STM32F1xx_HAL_Driver/Src/stm32f1xx_hal_gpio.o
                0x00000000080009d0                HAL_GPIO_WritePin
 .text.HAL_PCD_Init
                0x0000000008000a00      0x216 Drivers/STM32F1xx_HAL_Driver/Src/stm32f1xx_hal_pcd.o
                0x0000000008000a00                HAL_PCD_Init
 .text.HAL_PCD_Start
                0x0000000008000c16       0x4c Drivers/STM32F1xx_HAL_Driver/Src/stm32f1xx_hal_pcd.o
                0x0000000008000c16                HAL_PCD_Start
 .text.HAL_PCD_IRQHandler
                0x0000000008000c62      0x2aa Drivers/STM32F1xx_HAL_Driver/Src/stm32f1xx_hal_pcd.o
                0x0000000008000c62                HAL_PCD_IRQHandler
 .text.HAL_PCD_SetAddress
                0x0000000008000f0c       0x4a Drivers/STM32F1xx_HAL_Driver/Src/stm32f1xx_hal_pcd.o
                0x0000000008000f0c                HAL_PCD_SetAddress
 .text.HAL_PCD_EP_Open
                0x0000000008000f56       0xcc Drivers/STM32F1xx_HAL_Driver/Src/stm32f1xx_hal_pcd.o
                0x0000000008000f56                HAL_PCD_EP_Open
 .text.HAL_PCD_EP_Close
                0x0000000008001022       0x90 Drivers/STM32F1xx_HAL_Driver/Src/stm32f1xx_hal_pcd.o
                0x0000000008001022                HAL_PCD_EP_Close
 .text.HAL_PCD_EP_Receive
                0x00000000080010b2       0x7a Drivers/STM32F1xx_HAL_Driver/Src/stm32f1xx_hal_pcd.o
                0x00000000080010b2                HAL_PCD_EP_Receive
 .text.HAL_PCD_EP_GetRxCount
                0x000000000800112c       0x2e Drivers/STM32F1xx_HAL_Driver/Src/stm32f1xx_hal_pcd.o
                0x000000000800112c                HAL_PCD_EP_GetRxCount
 .text.HAL_PCD_EP_Transmit
                0x000000000800115a       0x86 Drivers/STM32F1xx_HAL_Driver/Src/stm32f1xx_hal_pcd.o
                0x000000000800115a                HAL_PCD_EP_Transmit
 .text.HAL_PCD_EP_SetStall
                0x00000000080011e0       0xc0 Drivers/STM32F1xx_HAL_Driver/Src/stm32f1xx_hal_pcd.o
                0x00000000080011e0                HAL_PCD_EP_SetStall
 .text.HAL_PCD_EP_ClrStall
                0x00000000080012a0       0xa8 Drivers/STM32F1xx_HAL_Driver/Src/stm32f1xx_hal_pcd.o
                0x00000000080012a0                HAL_PCD_EP_ClrStall
 .text.PCD_EP_ISR_Handler
                0x0000000008001348      0x5e6 Drivers/STM32F1xx_HAL_Driver/Src/stm32f1xx_hal_pcd.o
 .text.HAL_PCD_EP_DB_Receive
                0x000000000800192e      0x21a Drivers/STM32F1xx_HAL_Driver/Src/stm32f1xx_hal_pcd.o
 .text.HAL_PCD_EP_DB_Transmit
                0x0000000008001b48      0x53a Drivers/STM32F1xx_HAL_Driver/Src/stm32f1xx_hal_pcd.o
 .text.HAL_PCDEx_PMAConfig
                0x0000000008002082       0x84 Drivers/STM32F1xx_HAL_Driver/Src/stm32f1xx_hal_pcd_ex.o
                0x0000000008002082                HAL_PCDEx_PMAConfig
 *fill*         0x0000000008002106        0x2 
 .text.HAL_RCC_OscConfig
                0x0000000008002108      0x500 Drivers/STM32F1xx_HAL_Driver/Src/stm32f1xx_hal_rcc.o
                0x0000000008002108                HAL_RCC_OscConfig
 .text.HAL_RCC_ClockConfig
                0x0000000008002608      0x1d4 Drivers/STM32F1xx_HAL_Driver/Src/stm32f1xx_hal_rcc.o
                0x0000000008002608                HAL_RCC_ClockConfig
 .text.HAL_RCC_GetSysClockFreq
                0x00000000080027dc       0xc4 Drivers/STM32F1xx_HAL_Driver/Src/stm32f1xx_hal_rcc.o
                0x00000000080027dc                HAL_RCC_GetSysClockFreq
 .text.RCC_Delay
                0x00000000080028a0       0x3c Drivers/STM32F1xx_HAL_Driver/Src/stm32f1xx_hal_rcc.o
 .text.HAL_RCCEx_PeriphCLKConfig
                0x00000000080028dc      0x16c Drivers/STM32F1xx_HAL_Driver/Src/stm32f1xx_hal_rcc_ex.o
                0x00000000080028dc                HAL_RCCEx_PeriphCLKConfig
 .text.USB_CoreInit
                0x0000000008002a48       0x20 Drivers/STM32F1xx_HAL_Driver/Src/stm32f1xx_ll_usb.o
                0x0000000008002a48                USB_CoreInit
 .text.USB_EnableGlobalInt
                0x0000000008002a68       0x2c Drivers/STM32F1xx_HAL_Driver/Src/stm32f1xx_ll_usb.o
                0x0000000008002a68                USB_EnableGlobalInt
 .text.USB_DisableGlobalInt
                0x0000000008002a94       0x34 Drivers/STM32F1xx_HAL_Driver/Src/stm32f1xx_ll_usb.o
                0x0000000008002a94                USB_DisableGlobalInt
 .text.USB_SetCurrentMode
                0x0000000008002ac8       0x18 Drivers/STM32F1xx_HAL_Driver/Src/stm32f1xx_ll_usb.o
                0x0000000008002ac8                USB_SetCurrentMode
 .text.USB_DevInit
                0x0000000008002ae0       0x40 Drivers/STM32F1xx_HAL_Driver/Src/stm32f1xx_ll_usb.o
                0x0000000008002ae0                USB_DevInit
 .text.USB_ActivateEndpoint
                0x0000000008002b20      0x6d4 Drivers/STM32F1xx_HAL_Driver/Src/stm32f1xx_ll_usb.o
                0x0000000008002b20                USB_ActivateEndpoint
 .text.USB_DeactivateEndpoint
                0x00000000080031f4      0x3d8 Drivers/STM32F1xx_HAL_Driver/Src/stm32f1xx_ll_usb.o
                0x00000000080031f4                USB_DeactivateEndpoint
 .text.USB_EPStartXfer
                0x00000000080035cc     0x1240 Drivers/STM32F1xx_HAL_Driver/Src/stm32f1xx_ll_usb.o
                0x00000000080035cc                USB_EPStartXfer
 .text.USB_EPSetStall
                0x000000000800480c       0xa0 Drivers/STM32F1xx_HAL_Driver/Src/stm32f1xx_ll_usb.o
                0x000000000800480c                USB_EPSetStall
 .text.USB_EPClearStall
                0x00000000080048ac      0x15a Drivers/STM32F1xx_HAL_Driver/Src/stm32f1xx_ll_usb.o
                0x00000000080048ac                USB_EPClearStall
 .text.USB_SetDevAddress
                0x0000000008004a06       0x26 Drivers/STM32F1xx_HAL_Driver/Src/stm32f1xx_ll_usb.o
                0x0000000008004a06                USB_SetDevAddress
 .text.USB_DevConnect
                0x0000000008004a2c       0x14 Drivers/STM32F1xx_HAL_Driver/Src/stm32f1xx_ll_usb.o
                0x0000000008004a2c                USB_DevConnect
 .text.USB_DevDisconnect
                0x0000000008004a40       0x14 Drivers/STM32F1xx_HAL_Driver/Src/stm32f1xx_ll_usb.o
                0x0000000008004a40                USB_DevDisconnect
 .text.USB_ReadInterrupts
                0x0000000008004a54       0x1e Drivers/STM32F1xx_HAL_Driver/Src/stm32f1xx_ll_usb.o
                0x0000000008004a54                USB_ReadInterrupts
 .text.USB_EP0_OutStart
                0x0000000008004a72       0x16 Drivers/STM32F1xx_HAL_Driver/Src/stm32f1xx_ll_usb.o
                0x0000000008004a72                USB_EP0_OutStart
 .text.USB_WritePMA
                0x0000000008004a88       0x88 Drivers/STM32F1xx_HAL_Driver/Src/stm32f1xx_ll_usb.o
                0x0000000008004a88                USB_WritePMA
 .text.USB_ReadPMA
                0x0000000008004b10       0x9e Drivers/STM32F1xx_HAL_Driver/Src/stm32f1xx_ll_usb.o
                0x0000000008004b10                USB_ReadPMA
 .text.USBD_CDC_Init
                0x0000000008004bae       0xf4 Middlewares/ST/STM32_USB_Device_Library/Class/CDC/Src/usbd_cdc.o
 .text.USBD_CDC_DeInit
                0x0000000008004ca2       0x6e Middlewares/ST/STM32_USB_Device_Library/Class/CDC/Src/usbd_cdc.o
 .text.USBD_CDC_Setup
                0x0000000008004d10      0x140 Middlewares/ST/STM32_USB_Device_Library/Class/CDC/Src/usbd_cdc.o
 .text.USBD_CDC_DataIn
                0x0000000008004e50       0xa6 Middlewares/ST/STM32_USB_Device_Library/Class/CDC/Src/usbd_cdc.o
 .text.USBD_CDC_DataOut
                0x0000000008004ef6       0x56 Middlewares/ST/STM32_USB_Device_Library/Class/CDC/Src/usbd_cdc.o
 .text.USBD_CDC_EP0_RxReady
                0x0000000008004f4c       0x50 Middlewares/ST/STM32_USB_Device_Library/Class/CDC/Src/usbd_cdc.o
 .text.USBD_CDC_GetFSCfgDesc
                0x0000000008004f9c       0x20 Middlewares/ST/STM32_USB_Device_Library/Class/CDC/Src/usbd_cdc.o
 .text.USBD_CDC_GetHSCfgDesc
                0x0000000008004fbc       0x20 Middlewares/ST/STM32_USB_Device_Library/Class/CDC/Src/usbd_cdc.o
 .text.USBD_CDC_GetOtherSpeedCfgDesc
                0x0000000008004fdc       0x20 Middlewares/ST/STM32_USB_Device_Library/Class/CDC/Src/usbd_cdc.o
 .text.USBD_CDC_GetDeviceQualifierDescriptor
                0x0000000008004ffc       0x20 Middlewares/ST/STM32_USB_Device_Library/Class/CDC/Src/usbd_cdc.o
                0x0000000008004ffc                USBD_CDC_GetDeviceQualifierDescriptor
 .text.USBD_CDC_RegisterInterface
                0x000000000800501c       0x2c Middlewares/ST/STM32_USB_Device_Library/Class/CDC/Src/usbd_cdc.o
                0x000000000800501c                USBD_CDC_RegisterInterface
 .text.USBD_CDC_SetTxBuffer
                0x0000000008005048       0x32 Middlewares/ST/STM32_USB_Device_Library/Class/CDC/Src/usbd_cdc.o
                0x0000000008005048                USBD_CDC_SetTxBuffer
 .text.USBD_CDC_SetRxBuffer
                0x000000000800507a       0x26 Middlewares/ST/STM32_USB_Device_Library/Class/CDC/Src/usbd_cdc.o
                0x000000000800507a                USBD_CDC_SetRxBuffer
 .text.USBD_CDC_ReceivePacket
                0x00000000080050a0       0x54 Middlewares/ST/STM32_USB_Device_Library/Class/CDC/Src/usbd_cdc.o
                0x00000000080050a0                USBD_CDC_ReceivePacket
 .text.USBD_Init
                0x00000000080050f4       0x56 Middlewares/ST/STM32_USB_Device_Library/Core/Src/usbd_core.o
                0x00000000080050f4                USBD_Init
 .text.USBD_RegisterClass
                0x000000000800514a       0x32 Middlewares/ST/STM32_USB_Device_Library/Core/Src/usbd_core.o
                0x000000000800514a                USBD_RegisterClass
 .text.USBD_Start
                0x000000000800517c       0x18 Middlewares/ST/STM32_USB_Device_Library/Core/Src/usbd_core.o
                0x000000000800517c                USBD_Start
 .text.USBD_RunTestMode
                0x0000000008005194       0x14 Middlewares/ST/STM32_USB_Device_Library/Core/Src/usbd_core.o
                0x0000000008005194                USBD_RunTestMode
 .text.USBD_SetClassConfig
                0x00000000080051a8       0x3e Middlewares/ST/STM32_USB_Device_Library/Core/Src/usbd_core.o
                0x00000000080051a8                USBD_SetClassConfig
 .text.USBD_ClrClassConfig
                0x00000000080051e6       0x26 Middlewares/ST/STM32_USB_Device_Library/Core/Src/usbd_core.o
                0x00000000080051e6                USBD_ClrClassConfig
 .text.USBD_LL_SetupStage
                0x000000000800520c       0x96 Middlewares/ST/STM32_USB_Device_Library/Core/Src/usbd_core.o
                0x000000000800520c                USBD_LL_SetupStage
 .text.USBD_LL_DataOutStage
                0x00000000080052a2       0xe2 Middlewares/ST/STM32_USB_Device_Library/Core/Src/usbd_core.o
                0x00000000080052a2                USBD_LL_DataOutStage
 .text.USBD_LL_DataInStage
                0x0000000008005384      0x14a Middlewares/ST/STM32_USB_Device_Library/Core/Src/usbd_core.o
                0x0000000008005384                USBD_LL_DataInStage
 .text.USBD_LL_Reset
                0x00000000080054ce       0x82 Middlewares/ST/STM32_USB_Device_Library/Core/Src/usbd_core.o
                0x00000000080054ce                USBD_LL_Reset
 .text.USBD_LL_SetSpeed
                0x0000000008005550       0x1e Middlewares/ST/STM32_USB_Device_Library/Core/Src/usbd_core.o
                0x0000000008005550                USBD_LL_SetSpeed
 .text.USBD_LL_Suspend
                0x000000000800556e       0x28 Middlewares/ST/STM32_USB_Device_Library/Core/Src/usbd_core.o
                0x000000000800556e                USBD_LL_Suspend
 .text.USBD_LL_Resume
                0x0000000008005596       0x2a Middlewares/ST/STM32_USB_Device_Library/Core/Src/usbd_core.o
                0x0000000008005596                USBD_LL_Resume
 .text.USBD_LL_SOF
                0x00000000080055c0       0x34 Middlewares/ST/STM32_USB_Device_Library/Core/Src/usbd_core.o
                0x00000000080055c0                USBD_LL_SOF
 .text.USBD_StdDevReq
                0x00000000080055f4       0xd4 Middlewares/ST/STM32_USB_Device_Library/Core/Src/usbd_ctlreq.o
                0x00000000080055f4                USBD_StdDevReq
 .text.USBD_StdItfReq
                0x00000000080056c8       0x8c Middlewares/ST/STM32_USB_Device_Library/Core/Src/usbd_ctlreq.o
                0x00000000080056c8                USBD_StdItfReq
 .text.USBD_StdEPReq
                0x0000000008005754      0x2ba Middlewares/ST/STM32_USB_Device_Library/Core/Src/usbd_ctlreq.o
                0x0000000008005754                USBD_StdEPReq
 *fill*         0x0000000008005a0e        0x2 
 .text.USBD_GetDescriptor
                0x0000000008005a10      0x2d0 Middlewares/ST/STM32_USB_Device_Library/Core/Src/usbd_ctlreq.o
 .text.USBD_SetAddress
                0x0000000008005ce0       0x84 Middlewares/ST/STM32_USB_Device_Library/Core/Src/usbd_ctlreq.o
 .text.USBD_SetConfig
                0x0000000008005d64      0x11c Middlewares/ST/STM32_USB_Device_Library/Core/Src/usbd_ctlreq.o
 .text.USBD_GetConfig
                0x0000000008005e80       0x68 Middlewares/ST/STM32_USB_Device_Library/Core/Src/usbd_ctlreq.o
 .text.USBD_GetStatus
                0x0000000008005ee8       0x66 Middlewares/ST/STM32_USB_Device_Library/Core/Src/usbd_ctlreq.o
 .text.USBD_SetFeature
                0x0000000008005f4e       0x28 Middlewares/ST/STM32_USB_Device_Library/Core/Src/usbd_ctlreq.o
 .text.USBD_ClrFeature
                0x0000000008005f76       0x42 Middlewares/ST/STM32_USB_Device_Library/Core/Src/usbd_ctlreq.o
 .text.USBD_ParseSetupRequest
                0x0000000008005fb8       0x78 Middlewares/ST/STM32_USB_Device_Library/Core/Src/usbd_ctlreq.o
                0x0000000008005fb8                USBD_ParseSetupRequest
 .text.USBD_CtlError
                0x0000000008006030       0x22 Middlewares/ST/STM32_USB_Device_Library/Core/Src/usbd_ctlreq.o
                0x0000000008006030                USBD_CtlError
 .text.USBD_GetString
                0x0000000008006052       0x84 Middlewares/ST/STM32_USB_Device_Library/Core/Src/usbd_ctlreq.o
                0x0000000008006052                USBD_GetString
 .text.USBD_GetLen
                0x00000000080060d6       0x2e Middlewares/ST/STM32_USB_Device_Library/Core/Src/usbd_ctlreq.o
 .text.USBD_CtlSendData
                0x0000000008006104       0x38 Middlewares/ST/STM32_USB_Device_Library/Core/Src/usbd_ioreq.o
                0x0000000008006104                USBD_CtlSendData
 .text.USBD_CtlContinueSendData
                0x000000000800613c       0x24 Middlewares/ST/STM32_USB_Device_Library/Core/Src/usbd_ioreq.o
                0x000000000800613c                USBD_CtlContinueSendData
 .text.USBD_CtlPrepareRx
                0x0000000008006160       0x3c Middlewares/ST/STM32_USB_Device_Library/Core/Src/usbd_ioreq.o
                0x0000000008006160                USBD_CtlPrepareRx
 .text.USBD_CtlContinueRx
                0x000000000800619c       0x24 Middlewares/ST/STM32_USB_Device_Library/Core/Src/usbd_ioreq.o
                0x000000000800619c                USBD_CtlContinueRx
 .text.USBD_CtlSendStatus
                0x00000000080061c0       0x26 Middlewares/ST/STM32_USB_Device_Library/Core/Src/usbd_ioreq.o
                0x00000000080061c0                USBD_CtlSendStatus
 .text.USBD_CtlReceiveStatus
                0x00000000080061e6       0x26 Middlewares/ST/STM32_USB_Device_Library/Core/Src/usbd_ioreq.o
                0x00000000080061e6                USBD_CtlReceiveStatus
 .text.MX_USB_DEVICE_Init
                0x000000000800620c       0x60 USB_DEVICE/App/usb_device.o
                0x000000000800620c                MX_USB_DEVICE_Init
 .text.CDC_Init_FS
                0x000000000800626c       0x28 USB_DEVICE/App/usbd_cdc_if.o
 .text.CDC_DeInit_FS
                0x0000000008006294        0xe USB_DEVICE/App/usbd_cdc_if.o
 *fill*         0x00000000080062a2        0x2 
 .text.CDC_Control_FS
                0x00000000080062a4       0xbc USB_DEVICE/App/usbd_cdc_if.o
 .text.CDC_Receive_FS
                0x0000000008006360       0x28 USB_DEVICE/App/usbd_cdc_if.o
 .text.USBD_FS_DeviceDescriptor
                0x0000000008006388       0x24 USB_DEVICE/App/usbd_desc.o
                0x0000000008006388                USBD_FS_DeviceDescriptor
 .text.USBD_FS_LangIDStrDescriptor
                0x00000000080063ac       0x24 USB_DEVICE/App/usbd_desc.o
                0x00000000080063ac                USBD_FS_LangIDStrDescriptor
 .text.USBD_FS_ProductStrDescriptor
                0x00000000080063d0       0x3c USB_DEVICE/App/usbd_desc.o
                0x00000000080063d0                USBD_FS_ProductStrDescriptor
 .text.USBD_FS_ManufacturerStrDescriptor
                0x000000000800640c       0x28 USB_DEVICE/App/usbd_desc.o
                0x000000000800640c                USBD_FS_ManufacturerStrDescriptor
 .text.USBD_FS_SerialStrDescriptor
                0x0000000008006434       0x24 USB_DEVICE/App/usbd_desc.o
                0x0000000008006434                USBD_FS_SerialStrDescriptor
 .text.USBD_FS_ConfigStrDescriptor
                0x0000000008006458       0x3c USB_DEVICE/App/usbd_desc.o
                0x0000000008006458                USBD_FS_ConfigStrDescriptor
 .text.USBD_FS_InterfaceStrDescriptor
                0x0000000008006494       0x3c USB_DEVICE/App/usbd_desc.o
                0x0000000008006494                USBD_FS_InterfaceStrDescriptor
 .text.Get_SerialNum
                0x00000000080064d0       0x58 USB_DEVICE/App/usbd_desc.o
 .text.IntToUnicode
                0x0000000008006528       0x7a USB_DEVICE/App/usbd_desc.o
 *fill*         0x00000000080065a2        0x2 
 .text.HAL_PCD_MspInit
                0x00000000080065a4       0x4c USB_DEVICE/Target/usbd_conf.o
                0x00000000080065a4                HAL_PCD_MspInit
 .text.HAL_PCD_SetupStageCallback
                0x00000000080065f0       0x24 USB_DEVICE/Target/usbd_conf.o
                0x00000000080065f0                HAL_PCD_SetupStageCallback
 .text.HAL_PCD_DataOutStageCallback
                0x0000000008006614       0x36 USB_DEVICE/Target/usbd_conf.o
                0x0000000008006614                HAL_PCD_DataOutStageCallback
 .text.HAL_PCD_DataInStageCallback
                0x000000000800664a       0x34 USB_DEVICE/Target/usbd_conf.o
                0x000000000800664a                HAL_PCD_DataInStageCallback
 .text.HAL_PCD_SOFCallback
                0x000000000800667e       0x1c USB_DEVICE/Target/usbd_conf.o
                0x000000000800667e                HAL_PCD_SOFCallback
 .text.HAL_PCD_ResetCallback
                0x000000000800669a       0x3c USB_DEVICE/Target/usbd_conf.o
                0x000000000800669a                HAL_PCD_ResetCallback
 *fill*         0x00000000080066d6        0x2 
 .text.HAL_PCD_SuspendCallback
                0x00000000080066d8       0x34 USB_DEVICE/Target/usbd_conf.o
                0x00000000080066d8                HAL_PCD_SuspendCallback
 .text.HAL_PCD_ResumeCallback
                0x000000000800670c       0x1c USB_DEVICE/Target/usbd_conf.o
                0x000000000800670c                HAL_PCD_ResumeCallback
 .text.USBD_LL_Init
                0x0000000008006728       0xb4 USB_DEVICE/Target/usbd_conf.o
                0x0000000008006728                USBD_LL_Init
 .text.USBD_LL_Start
                0x00000000080067dc       0x36 USB_DEVICE/Target/usbd_conf.o
                0x00000000080067dc                USBD_LL_Start
 .text.USBD_LL_OpenEP
                0x0000000008006812       0x4c USB_DEVICE/Target/usbd_conf.o
                0x0000000008006812                USBD_LL_OpenEP
 .text.USBD_LL_CloseEP
                0x000000000800685e       0x3e USB_DEVICE/Target/usbd_conf.o
                0x000000000800685e                USBD_LL_CloseEP
 .text.USBD_LL_StallEP
                0x000000000800689c       0x3e USB_DEVICE/Target/usbd_conf.o
                0x000000000800689c                USBD_LL_StallEP
 .text.USBD_LL_ClearStallEP
                0x00000000080068da       0x3e USB_DEVICE/Target/usbd_conf.o
                0x00000000080068da                USBD_LL_ClearStallEP
 .text.USBD_LL_IsStallEP
                0x0000000008006918       0x58 USB_DEVICE/Target/usbd_conf.o
                0x0000000008006918                USBD_LL_IsStallEP
 .text.USBD_LL_SetUSBAddress
                0x0000000008006970       0x3e USB_DEVICE/Target/usbd_conf.o
                0x0000000008006970                USBD_LL_SetUSBAddress
 .text.USBD_LL_Transmit
                0x00000000080069ae       0x46 USB_DEVICE/Target/usbd_conf.o
                0x00000000080069ae                USBD_LL_Transmit
 .text.USBD_LL_PrepareReceive
                0x00000000080069f4       0x46 USB_DEVICE/Target/usbd_conf.o
                0x00000000080069f4                USBD_LL_PrepareReceive
 .text.USBD_LL_GetRxDataSize
                0x0000000008006a3a       0x26 USB_DEVICE/Target/usbd_conf.o
                0x0000000008006a3a                USBD_LL_GetRxDataSize
 .text.USBD_static_malloc
                0x0000000008006a60       0x18 USB_DEVICE/Target/usbd_conf.o
                0x0000000008006a60                USBD_static_malloc
 .text.USBD_static_free
                0x0000000008006a78       0x12 USB_DEVICE/Target/usbd_conf.o
                0x0000000008006a78                USBD_static_free
 .text.HAL_PCDEx_SetConnectionState
                0x0000000008006a8a       0x16 USB_DEVICE/Target/usbd_conf.o
                0x0000000008006a8a                HAL_PCDEx_SetConnectionState
 .text.USBD_Get_USB_Status
                0x0000000008006aa0       0x58 USB_DEVICE/Target/usbd_conf.o
 .text.__libc_init_array
                0x0000000008006af8       0x48 /opt/st/stm32cubeide_1.3.0/plugins/com.st.stm32cube.ide.mcu.externaltools.gnu-tools-for-stm32.7-2018-q2-update.linux64_1.0.0.201904181610/tools/bin/../lib/gcc/arm-none-eabi/7.3.1/../../../../arm-none-eabi/lib/thumb/v7-m/libc_nano.a(lib_a-init.o)
                0x0000000008006af8                __libc_init_array
 .text.memset   0x0000000008006b40       0x10 /opt/st/stm32cubeide_1.3.0/plugins/com.st.stm32cube.ide.mcu.externaltools.gnu-tools-for-stm32.7-2018-q2-update.linux64_1.0.0.201904181610/tools/bin/../lib/gcc/arm-none-eabi/7.3.1/../../../../arm-none-eabi/lib/thumb/v7-m/libc_nano.a(lib_a-memset.o)
                0x0000000008006b40                memset
 *(.glue_7)
 .glue_7        0x0000000008006b50        0x0 linker stubs
 *(.glue_7t)
 .glue_7t       0x0000000008006b50        0x0 linker stubs
 *(.eh_frame)
 .eh_frame      0x0000000008006b50        0x0 /opt/st/stm32cubeide_1.3.0/plugins/com.st.stm32cube.ide.mcu.externaltools.gnu-tools-for-stm32.7-2018-q2-update.linux64_1.0.0.201904181610/tools/bin/../lib/gcc/arm-none-eabi/7.3.1/thumb/v7-m/crtbegin.o
 *(.init)
 .init          0x0000000008006b50        0x4 /opt/st/stm32cubeide_1.3.0/plugins/com.st.stm32cube.ide.mcu.externaltools.gnu-tools-for-stm32.7-2018-q2-update.linux64_1.0.0.201904181610/tools/bin/../lib/gcc/arm-none-eabi/7.3.1/thumb/v7-m/crti.o
                0x0000000008006b50                _init
 .init          0x0000000008006b54        0x8 /opt/st/stm32cubeide_1.3.0/plugins/com.st.stm32cube.ide.mcu.externaltools.gnu-tools-for-stm32.7-2018-q2-update.linux64_1.0.0.201904181610/tools/bin/../lib/gcc/arm-none-eabi/7.3.1/thumb/v7-m/crtn.o
 *(.fini)
 .fini          0x0000000008006b5c        0x4 /opt/st/stm32cubeide_1.3.0/plugins/com.st.stm32cube.ide.mcu.externaltools.gnu-tools-for-stm32.7-2018-q2-update.linux64_1.0.0.201904181610/tools/bin/../lib/gcc/arm-none-eabi/7.3.1/thumb/v7-m/crti.o
                0x0000000008006b5c                _fini
 .fini          0x0000000008006b60        0x8 /opt/st/stm32cubeide_1.3.0/plugins/com.st.stm32cube.ide.mcu.externaltools.gnu-tools-for-stm32.7-2018-q2-update.linux64_1.0.0.201904181610/tools/bin/../lib/gcc/arm-none-eabi/7.3.1/thumb/v7-m/crtn.o
                0x0000000008006b68                . = ALIGN (0x4)
                0x0000000008006b68                _etext = .

.vfp11_veneer   0x0000000008006b68        0x0
 .vfp11_veneer  0x0000000008006b68        0x0 linker stubs

.v4_bx          0x0000000008006b68        0x0
 .v4_bx         0x0000000008006b68        0x0 linker stubs

.iplt           0x0000000008006b68        0x0
 .iplt          0x0000000008006b68        0x0 /opt/st/stm32cubeide_1.3.0/plugins/com.st.stm32cube.ide.mcu.externaltools.gnu-tools-for-stm32.7-2018-q2-update.linux64_1.0.0.201904181610/tools/bin/../lib/gcc/arm-none-eabi/7.3.1/thumb/v7-m/crtbegin.o

.rodata         0x0000000008006b68       0x6c
                0x0000000008006b68                . = ALIGN (0x4)
 *(.rodata)
 .rodata        0x0000000008006b68       0x12 Drivers/STM32F1xx_HAL_Driver/Src/stm32f1xx_hal_rcc.o
 *fill*         0x0000000008006b7a        0x2 
 .rodata        0x0000000008006b7c       0x46 USB_DEVICE/App/usbd_desc.o
 *(.rodata*)
 *fill*         0x0000000008006bc2        0x2 
 .rodata.AHBPrescTable
                0x0000000008006bc4       0x10 Core/Src/system_stm32f1xx.o
                0x0000000008006bc4                AHBPrescTable
                0x0000000008006bd4                . = ALIGN (0x4)

.rel.dyn        0x0000000008006bd4        0x0
 .rel.iplt      0x0000000008006bd4        0x0 /opt/st/stm32cubeide_1.3.0/plugins/com.st.stm32cube.ide.mcu.externaltools.gnu-tools-for-stm32.7-2018-q2-update.linux64_1.0.0.201904181610/tools/bin/../lib/gcc/arm-none-eabi/7.3.1/thumb/v7-m/crtbegin.o

.ARM.extab      0x0000000008006bd4        0x0
                0x0000000008006bd4                . = ALIGN (0x4)
 *(.ARM.extab* .gnu.linkonce.armextab.*)
                0x0000000008006bd4                . = ALIGN (0x4)

.ARM            0x0000000008006bd4        0x0
                0x0000000008006bd4                . = ALIGN (0x4)
                0x0000000008006bd4                __exidx_start = .
 *(.ARM.exidx*)
                0x0000000008006bd4                __exidx_end = .
                0x0000000008006bd4                . = ALIGN (0x4)

.preinit_array  0x0000000008006bd4        0x0
                0x0000000008006bd4                . = ALIGN (0x4)
                0x0000000008006bd4                PROVIDE (__preinit_array_start = .)
 *(.preinit_array*)
                0x0000000008006bd4                PROVIDE (__preinit_array_end = .)
                0x0000000008006bd4                . = ALIGN (0x4)

.init_array     0x0000000008006bd4        0x4
                0x0000000008006bd4                . = ALIGN (0x4)
                0x0000000008006bd4                PROVIDE (__init_array_start = .)
 *(SORT_BY_NAME(.init_array.*))
 *(.init_array*)
 .init_array    0x0000000008006bd4        0x4 /opt/st/stm32cubeide_1.3.0/plugins/com.st.stm32cube.ide.mcu.externaltools.gnu-tools-for-stm32.7-2018-q2-update.linux64_1.0.0.201904181610/tools/bin/../lib/gcc/arm-none-eabi/7.3.1/thumb/v7-m/crtbegin.o
                0x0000000008006bd8                PROVIDE (__init_array_end = .)
                0x0000000008006bd8                . = ALIGN (0x4)

.fini_array     0x0000000008006bd8        0x4
                0x0000000008006bd8                . = ALIGN (0x4)
                [!provide]                        PROVIDE (__fini_array_start = .)
 *(SORT_BY_NAME(.fini_array.*))
 *(.fini_array*)
 .fini_array    0x0000000008006bd8        0x4 /opt/st/stm32cubeide_1.3.0/plugins/com.st.stm32cube.ide.mcu.externaltools.gnu-tools-for-stm32.7-2018-q2-update.linux64_1.0.0.201904181610/tools/bin/../lib/gcc/arm-none-eabi/7.3.1/thumb/v7-m/crtbegin.o
                [!provide]                        PROVIDE (__fini_array_end = .)
                0x0000000008006bdc                . = ALIGN (0x4)
                0x0000000008006bdc                _sidata = LOADADDR (.data)

.data           0x0000000020000000      0x17c load address 0x0000000008006bdc
                0x0000000020000000                . = ALIGN (0x4)
                0x0000000020000000                _sdata = .
 *(.data)
 *(.data*)
 .data.SystemCoreClock
                0x0000000020000000        0x4 Core/Src/system_stm32f1xx.o
                0x0000000020000000                SystemCoreClock
 .data.uwTickPrio
                0x0000000020000004        0x4 Drivers/STM32F1xx_HAL_Driver/Src/stm32f1xx_hal.o
                0x0000000020000004                uwTickPrio
 .data.uwTickFreq
                0x0000000020000008        0x1 Drivers/STM32F1xx_HAL_Driver/Src/stm32f1xx_hal.o
                0x0000000020000008                uwTickFreq
 *fill*         0x0000000020000009        0x3 
 .data.USBD_CDC_DeviceQualifierDesc
                0x000000002000000c        0xa Middlewares/ST/STM32_USB_Device_Library/Class/CDC/Src/usbd_cdc.o
 *fill*         0x0000000020000016        0x2 
 .data.USBD_CDC
                0x0000000020000018       0x38 Middlewares/ST/STM32_USB_Device_Library/Class/CDC/Src/usbd_cdc.o
                0x0000000020000018                USBD_CDC
 .data.USBD_CDC_CfgHSDesc
                0x0000000020000050       0x43 Middlewares/ST/STM32_USB_Device_Library/Class/CDC/Src/usbd_cdc.o
                0x0000000020000050                USBD_CDC_CfgHSDesc
 *fill*         0x0000000020000093        0x1 
 .data.USBD_CDC_CfgFSDesc
                0x0000000020000094       0x43 Middlewares/ST/STM32_USB_Device_Library/Class/CDC/Src/usbd_cdc.o
                0x0000000020000094                USBD_CDC_CfgFSDesc
 *fill*         0x00000000200000d7        0x1 
 .data.USBD_CDC_OtherSpeedCfgDesc
                0x00000000200000d8       0x43 Middlewares/ST/STM32_USB_Device_Library/Class/CDC/Src/usbd_cdc.o
                0x00000000200000d8                USBD_CDC_OtherSpeedCfgDesc
 *fill*         0x000000002000011b        0x1 
 .data.USBD_Interface_fops_FS
                0x000000002000011c       0x10 USB_DEVICE/App/usbd_cdc_if.o
                0x000000002000011c                USBD_Interface_fops_FS
 .data.FS_Desc  0x000000002000012c       0x1c USB_DEVICE/App/usbd_desc.o
                0x000000002000012c                FS_Desc
 .data.USBD_FS_DeviceDesc
                0x0000000020000148       0x12 USB_DEVICE/App/usbd_desc.o
                0x0000000020000148                USBD_FS_DeviceDesc
 *fill*         0x000000002000015a        0x2 
 .data.USBD_LangIDDesc
                0x000000002000015c        0x4 USB_DEVICE/App/usbd_desc.o
                0x000000002000015c                USBD_LangIDDesc
 .data.USBD_StringSerial
                0x0000000020000160       0x1a USB_DEVICE/App/usbd_desc.o
                0x0000000020000160                USBD_StringSerial
                0x000000002000017c                . = ALIGN (0x4)
 *fill*         0x000000002000017a        0x2 
                0x000000002000017c                _edata = .

.igot.plt       0x000000002000017c        0x0 load address 0x0000000008006d58
 .igot.plt      0x000000002000017c        0x0 /opt/st/stm32cubeide_1.3.0/plugins/com.st.stm32cube.ide.mcu.externaltools.gnu-tools-for-stm32.7-2018-q2-update.linux64_1.0.0.201904181610/tools/bin/../lib/gcc/arm-none-eabi/7.3.1/thumb/v7-m/crtbegin.o
                0x000000002000017c                . = ALIGN (0x4)

.bss            0x000000002000017c     0x11c4 load address 0x0000000008006d58
                0x000000002000017c                _sbss = .
                0x000000002000017c                __bss_start__ = _sbss
 *(.bss)
 .bss           0x000000002000017c       0x1c /opt/st/stm32cubeide_1.3.0/plugins/com.st.stm32cube.ide.mcu.externaltools.gnu-tools-for-stm32.7-2018-q2-update.linux64_1.0.0.201904181610/tools/bin/../lib/gcc/arm-none-eabi/7.3.1/thumb/v7-m/crtbegin.o
 *(.bss*)
 .bss.cfgidx.7617
                0x0000000020000198        0x1 Middlewares/ST/STM32_USB_Device_Library/Core/Src/usbd_ctlreq.o
 *fill*         0x0000000020000199        0x3 
 .bss.mem.7685  0x000000002000019c      0x220 USB_DEVICE/Target/usbd_conf.o
 *(COMMON)
 COMMON         0x00000000200003bc        0x4 Drivers/STM32F1xx_HAL_Driver/Src/stm32f1xx_hal.o
                0x00000000200003bc                uwTick
 COMMON         0x00000000200003c0      0x2c4 USB_DEVICE/App/usb_device.o
                0x00000000200003c0                hUsbDeviceFS
 COMMON         0x0000000020000684      0x7d0 USB_DEVICE/App/usbd_cdc_if.o
                0x0000000020000684                UserRxBufferFS
                0x0000000020000a6c                UserTxBufferFS
 COMMON         0x0000000020000e54      0x200 USB_DEVICE/App/usbd_desc.o
                0x0000000020000e54                USBD_StrDesc
 COMMON         0x0000000020001054      0x2ec USB_DEVICE/Target/usbd_conf.o
                0x0000000020001054                hpcd_USB_FS
                0x0000000020001340                . = ALIGN (0x4)
                0x0000000020001340                _ebss = .
                0x0000000020001340                __bss_end__ = _ebss

._user_heap_stack
                0x0000000020001340      0x600 load address 0x0000000008006d58
                0x0000000020001340                . = ALIGN (0x8)
                0x0000000020001340                PROVIDE (end = .)
                [!provide]                        PROVIDE (_end = .)
                0x0000000020001540                . = (. + _Min_Heap_Size)
 *fill*         0x0000000020001340      0x200 
                0x0000000020001940                . = (. + _Min_Stack_Size)
 *fill*         0x0000000020001540      0x400 
                0x0000000020001940                . = ALIGN (0x8)

/DISCARD/
 libc.a(*)
 libm.a(*)
 libgcc.a(*)

.ARM.attributes
                0x0000000000000000       0x29
 *(.ARM.attributes)
 .ARM.attributes
                0x0000000000000000       0x1d /opt/st/stm32cubeide_1.3.0/plugins/com.st.stm32cube.ide.mcu.externaltools.gnu-tools-for-stm32.7-2018-q2-update.linux64_1.0.0.201904181610/tools/bin/../lib/gcc/arm-none-eabi/7.3.1/thumb/v7-m/crti.o
 .ARM.attributes
                0x000000000000001d       0x2d /opt/st/stm32cubeide_1.3.0/plugins/com.st.stm32cube.ide.mcu.externaltools.gnu-tools-for-stm32.7-2018-q2-update.linux64_1.0.0.201904181610/tools/bin/../lib/gcc/arm-none-eabi/7.3.1/thumb/v7-m/crtbegin.o
 .ARM.attributes
                0x000000000000004a       0x33 Core/Src/main.o
 .ARM.attributes
                0x000000000000007d       0x33 Core/Src/stm32f1xx_hal_msp.o
 .ARM.attributes
                0x00000000000000b0       0x33 Core/Src/stm32f1xx_it.o
 .ARM.attributes
                0x00000000000000e3       0x33 Core/Src/system_stm32f1xx.o
 .ARM.attributes
                0x0000000000000116       0x21 Core/Startup/startup_stm32f103c8tx.o
 .ARM.attributes
                0x0000000000000137       0x33 Drivers/STM32F1xx_HAL_Driver/Src/stm32f1xx_hal.o
 .ARM.attributes
                0x000000000000016a       0x33 Drivers/STM32F1xx_HAL_Driver/Src/stm32f1xx_hal_cortex.o
 .ARM.attributes
                0x000000000000019d       0x33 Drivers/STM32F1xx_HAL_Driver/Src/stm32f1xx_hal_gpio.o
 .ARM.attributes
                0x00000000000001d0       0x33 Drivers/STM32F1xx_HAL_Driver/Src/stm32f1xx_hal_pcd.o
 .ARM.attributes
                0x0000000000000203       0x33 Drivers/STM32F1xx_HAL_Driver/Src/stm32f1xx_hal_pcd_ex.o
 .ARM.attributes
                0x0000000000000236       0x33 Drivers/STM32F1xx_HAL_Driver/Src/stm32f1xx_hal_rcc.o
 .ARM.attributes
                0x0000000000000269       0x33 Drivers/STM32F1xx_HAL_Driver/Src/stm32f1xx_hal_rcc_ex.o
 .ARM.attributes
                0x000000000000029c       0x33 Drivers/STM32F1xx_HAL_Driver/Src/stm32f1xx_ll_usb.o
 .ARM.attributes
                0x00000000000002cf       0x33 Middlewares/ST/STM32_USB_Device_Library/Class/CDC/Src/usbd_cdc.o
 .ARM.attributes
                0x0000000000000302       0x33 Middlewares/ST/STM32_USB_Device_Library/Core/Src/usbd_core.o
 .ARM.attributes
                0x0000000000000335       0x33 Middlewares/ST/STM32_USB_Device_Library/Core/Src/usbd_ctlreq.o
 .ARM.attributes
                0x0000000000000368       0x33 Middlewares/ST/STM32_USB_Device_Library/Core/Src/usbd_ioreq.o
 .ARM.attributes
                0x000000000000039b       0x33 USB_DEVICE/App/usb_device.o
 .ARM.attributes
                0x00000000000003ce       0x33 USB_DEVICE/App/usbd_cdc_if.o
 .ARM.attributes
                0x0000000000000401       0x33 USB_DEVICE/App/usbd_desc.o
 .ARM.attributes
                0x0000000000000434       0x33 USB_DEVICE/Target/usbd_conf.o
 .ARM.attributes
                0x0000000000000467       0x2d /opt/st/stm32cubeide_1.3.0/plugins/com.st.stm32cube.ide.mcu.externaltools.gnu-tools-for-stm32.7-2018-q2-update.linux64_1.0.0.201904181610/tools/bin/../lib/gcc/arm-none-eabi/7.3.1/../../../../arm-none-eabi/lib/thumb/v7-m/libc_nano.a(lib_a-init.o)
 .ARM.attributes
                0x0000000000000494       0x2d /opt/st/stm32cubeide_1.3.0/plugins/com.st.stm32cube.ide.mcu.externaltools.gnu-tools-for-stm32.7-2018-q2-update.linux64_1.0.0.201904181610/tools/bin/../lib/gcc/arm-none-eabi/7.3.1/../../../../arm-none-eabi/lib/thumb/v7-m/libc_nano.a(lib_a-memset.o)
 .ARM.attributes
                0x00000000000004c1       0x1d /opt/st/stm32cubeide_1.3.0/plugins/com.st.stm32cube.ide.mcu.externaltools.gnu-tools-for-stm32.7-2018-q2-update.linux64_1.0.0.201904181610/tools/bin/../lib/gcc/arm-none-eabi/7.3.1/thumb/v7-m/crtn.o
OUTPUT(blink_01.elf elf32-littlearm)

.debug_info     0x0000000000000000    0x1052b
 .debug_info    0x0000000000000000      0xd54 Core/Src/main.o
 .debug_info    0x0000000000000d54      0x2d6 Core/Src/stm32f1xx_hal_msp.o
 .debug_info    0x000000000000102a      0x6a6 Core/Src/stm32f1xx_it.o
 .debug_info    0x00000000000016d0      0x43e Core/Src/system_stm32f1xx.o
 .debug_info    0x0000000000001b0e       0x22 Core/Startup/startup_stm32f103c8tx.o
 .debug_info    0x0000000000001b30      0x714 Drivers/STM32F1xx_HAL_Driver/Src/stm32f1xx_hal.o
 .debug_info    0x0000000000002244      0xb51 Drivers/STM32F1xx_HAL_Driver/Src/stm32f1xx_hal_cortex.o
 .debug_info    0x0000000000002d95      0x68c Drivers/STM32F1xx_HAL_Driver/Src/stm32f1xx_hal_gpio.o
 .debug_info    0x0000000000003421     0x122f Drivers/STM32F1xx_HAL_Driver/Src/stm32f1xx_hal_pcd.o
 .debug_info    0x0000000000004650      0x785 Drivers/STM32F1xx_HAL_Driver/Src/stm32f1xx_hal_pcd_ex.o
 .debug_info    0x0000000000004dd5      0x80f Drivers/STM32F1xx_HAL_Driver/Src/stm32f1xx_hal_rcc.o
 .debug_info    0x00000000000055e4      0x444 Drivers/STM32F1xx_HAL_Driver/Src/stm32f1xx_hal_rcc_ex.o
 .debug_info    0x0000000000005a28     0x1784 Drivers/STM32F1xx_HAL_Driver/Src/stm32f1xx_ll_usb.o
 .debug_info    0x00000000000071ac     0x17b6 Middlewares/ST/STM32_USB_Device_Library/Class/CDC/Src/usbd_cdc.o
 .debug_info    0x0000000000008962     0x11d2 Middlewares/ST/STM32_USB_Device_Library/Core/Src/usbd_core.o
 .debug_info    0x0000000000009b34     0x1142 Middlewares/ST/STM32_USB_Device_Library/Core/Src/usbd_ctlreq.o
 .debug_info    0x000000000000ac76      0xf33 Middlewares/ST/STM32_USB_Device_Library/Core/Src/usbd_ioreq.o
 .debug_info    0x000000000000bba9      0xe7b USB_DEVICE/App/usb_device.o
 .debug_info    0x000000000000ca24     0x1036 USB_DEVICE/App/usbd_cdc_if.o
 .debug_info    0x000000000000da5a      0xd17 USB_DEVICE/App/usbd_desc.o
 .debug_info    0x000000000000e771     0x1dba USB_DEVICE/Target/usbd_conf.o

.debug_abbrev   0x0000000000000000     0x28df
 .debug_abbrev  0x0000000000000000      0x211 Core/Src/main.o
 .debug_abbrev  0x0000000000000211      0x109 Core/Src/stm32f1xx_hal_msp.o
 .debug_abbrev  0x000000000000031a      0x155 Core/Src/stm32f1xx_it.o
 .debug_abbrev  0x000000000000046f      0x134 Core/Src/system_stm32f1xx.o
 .debug_abbrev  0x00000000000005a3       0x12 Core/Startup/startup_stm32f103c8tx.o
 .debug_abbrev  0x00000000000005b5      0x1c7 Drivers/STM32F1xx_HAL_Driver/Src/stm32f1xx_hal.o
 .debug_abbrev  0x000000000000077c      0x2d5 Drivers/STM32F1xx_HAL_Driver/Src/stm32f1xx_hal_cortex.o
 .debug_abbrev  0x0000000000000a51      0x1c0 Drivers/STM32F1xx_HAL_Driver/Src/stm32f1xx_hal_gpio.o
 .debug_abbrev  0x0000000000000c11      0x268 Drivers/STM32F1xx_HAL_Driver/Src/stm32f1xx_hal_pcd.o
 .debug_abbrev  0x0000000000000e79      0x188 Drivers/STM32F1xx_HAL_Driver/Src/stm32f1xx_hal_pcd_ex.o
 .debug_abbrev  0x0000000000001001      0x243 Drivers/STM32F1xx_HAL_Driver/Src/stm32f1xx_hal_rcc.o
 .debug_abbrev  0x0000000000001244      0x175 Drivers/STM32F1xx_HAL_Driver/Src/stm32f1xx_hal_rcc_ex.o
 .debug_abbrev  0x00000000000013b9      0x1d2 Drivers/STM32F1xx_HAL_Driver/Src/stm32f1xx_ll_usb.o
 .debug_abbrev  0x000000000000158b      0x2b6 Middlewares/ST/STM32_USB_Device_Library/Class/CDC/Src/usbd_cdc.o
 .debug_abbrev  0x0000000000001841      0x270 Middlewares/ST/STM32_USB_Device_Library/Core/Src/usbd_core.o
 .debug_abbrev  0x0000000000001ab1      0x2a0 Middlewares/ST/STM32_USB_Device_Library/Core/Src/usbd_ctlreq.o
 .debug_abbrev  0x0000000000001d51      0x1e0 Middlewares/ST/STM32_USB_Device_Library/Core/Src/usbd_ioreq.o
 .debug_abbrev  0x0000000000001f31      0x1be USB_DEVICE/App/usb_device.o
 .debug_abbrev  0x00000000000020ef      0x285 USB_DEVICE/App/usbd_cdc_if.o
 .debug_abbrev  0x0000000000002374      0x290 USB_DEVICE/App/usbd_desc.o
 .debug_abbrev  0x0000000000002604      0x2db USB_DEVICE/Target/usbd_conf.o

.debug_aranges  0x0000000000000000      0xa50
 .debug_aranges
                0x0000000000000000       0x38 Core/Src/main.o
 .debug_aranges
                0x0000000000000038       0x20 Core/Src/stm32f1xx_hal_msp.o
 .debug_aranges
                0x0000000000000058       0x68 Core/Src/stm32f1xx_it.o
 .debug_aranges
                0x00000000000000c0       0x28 Core/Src/system_stm32f1xx.o
 .debug_aranges
                0x00000000000000e8       0x28 Core/Startup/startup_stm32f103c8tx.o
 .debug_aranges
                0x0000000000000110       0xe0 Drivers/STM32F1xx_HAL_Driver/Src/stm32f1xx_hal.o
 .debug_aranges
                0x00000000000001f0      0x100 Drivers/STM32F1xx_HAL_Driver/Src/stm32f1xx_hal_cortex.o
 .debug_aranges
                0x00000000000002f0       0x58 Drivers/STM32F1xx_HAL_Driver/Src/stm32f1xx_hal_gpio.o
 .debug_aranges
                0x0000000000000348      0x138 Drivers/STM32F1xx_HAL_Driver/Src/stm32f1xx_hal_pcd.o
 .debug_aranges
                0x0000000000000480       0x38 Drivers/STM32F1xx_HAL_Driver/Src/stm32f1xx_hal_pcd_ex.o
 .debug_aranges
                0x00000000000004b8       0x90 Drivers/STM32F1xx_HAL_Driver/Src/stm32f1xx_hal_rcc.o
 .debug_aranges
                0x0000000000000548       0x30 Drivers/STM32F1xx_HAL_Driver/Src/stm32f1xx_hal_rcc_ex.o
 .debug_aranges
                0x0000000000000578       0xe0 Drivers/STM32F1xx_HAL_Driver/Src/stm32f1xx_ll_usb.o
 .debug_aranges
                0x0000000000000658       0x90 Middlewares/ST/STM32_USB_Device_Library/Class/CDC/Src/usbd_cdc.o
 .debug_aranges
                0x00000000000006e8       0xb8 Middlewares/ST/STM32_USB_Device_Library/Core/Src/usbd_core.o
 .debug_aranges
                0x00000000000007a0       0x88 Middlewares/ST/STM32_USB_Device_Library/Core/Src/usbd_ctlreq.o
 .debug_aranges
                0x0000000000000828       0x50 Middlewares/ST/STM32_USB_Device_Library/Core/Src/usbd_ioreq.o
 .debug_aranges
                0x0000000000000878       0x20 USB_DEVICE/App/usb_device.o
 .debug_aranges
                0x0000000000000898       0x40 USB_DEVICE/App/usbd_cdc_if.o
 .debug_aranges
                0x00000000000008d8       0x60 USB_DEVICE/App/usbd_desc.o
 .debug_aranges
                0x0000000000000938      0x118 USB_DEVICE/Target/usbd_conf.o

.debug_ranges   0x0000000000000000      0x908
 .debug_ranges  0x0000000000000000       0x28 Core/Src/main.o
 .debug_ranges  0x0000000000000028       0x10 Core/Src/stm32f1xx_hal_msp.o
 .debug_ranges  0x0000000000000038       0x58 Core/Src/stm32f1xx_it.o
 .debug_ranges  0x0000000000000090       0x18 Core/Src/system_stm32f1xx.o
 .debug_ranges  0x00000000000000a8       0x20 Core/Startup/startup_stm32f103c8tx.o
 .debug_ranges  0x00000000000000c8       0xd0 Drivers/STM32F1xx_HAL_Driver/Src/stm32f1xx_hal.o
 .debug_ranges  0x0000000000000198       0xf0 Drivers/STM32F1xx_HAL_Driver/Src/stm32f1xx_hal_cortex.o
 .debug_ranges  0x0000000000000288       0x48 Drivers/STM32F1xx_HAL_Driver/Src/stm32f1xx_hal_gpio.o
 .debug_ranges  0x00000000000002d0      0x128 Drivers/STM32F1xx_HAL_Driver/Src/stm32f1xx_hal_pcd.o
 .debug_ranges  0x00000000000003f8       0x28 Drivers/STM32F1xx_HAL_Driver/Src/stm32f1xx_hal_pcd_ex.o
 .debug_ranges  0x0000000000000420       0x80 Drivers/STM32F1xx_HAL_Driver/Src/stm32f1xx_hal_rcc.o
 .debug_ranges  0x00000000000004a0       0x20 Drivers/STM32F1xx_HAL_Driver/Src/stm32f1xx_hal_rcc_ex.o
 .debug_ranges  0x00000000000004c0       0xd0 Drivers/STM32F1xx_HAL_Driver/Src/stm32f1xx_ll_usb.o
 .debug_ranges  0x0000000000000590       0x80 Middlewares/ST/STM32_USB_Device_Library/Class/CDC/Src/usbd_cdc.o
 .debug_ranges  0x0000000000000610       0xa8 Middlewares/ST/STM32_USB_Device_Library/Core/Src/usbd_core.o
 .debug_ranges  0x00000000000006b8       0x78 Middlewares/ST/STM32_USB_Device_Library/Core/Src/usbd_ctlreq.o
 .debug_ranges  0x0000000000000730       0x40 Middlewares/ST/STM32_USB_Device_Library/Core/Src/usbd_ioreq.o
 .debug_ranges  0x0000000000000770       0x10 USB_DEVICE/App/usb_device.o
 .debug_ranges  0x0000000000000780       0x30 USB_DEVICE/App/usbd_cdc_if.o
 .debug_ranges  0x00000000000007b0       0x50 USB_DEVICE/App/usbd_desc.o
 .debug_ranges  0x0000000000000800      0x108 USB_DEVICE/Target/usbd_conf.o

.debug_macro    0x0000000000000000    0x1603f
 .debug_macro   0x0000000000000000      0x38b Core/Src/main.o
 .debug_macro   0x000000000000038b      0xa5a Core/Src/main.o
 .debug_macro   0x0000000000000de5      0x215 Core/Src/main.o
 .debug_macro   0x0000000000000ffa       0x2e Core/Src/main.o
 .debug_macro   0x0000000000001028       0x22 Core/Src/main.o
 .debug_macro   0x000000000000104a       0x22 Core/Src/main.o
 .debug_macro   0x000000000000106c       0x8e Core/Src/main.o
 .debug_macro   0x00000000000010fa       0x51 Core/Src/main.o
 .debug_macro   0x000000000000114b       0xef Core/Src/main.o
 .debug_macro   0x000000000000123a       0x6a Core/Src/main.o
 .debug_macro   0x00000000000012a4      0x1df Core/Src/main.o
 .debug_macro   0x0000000000001483       0x1c Core/Src/main.o
 .debug_macro   0x000000000000149f       0x22 Core/Src/main.o
 .debug_macro   0x00000000000014c1       0xc3 Core/Src/main.o
 .debug_macro   0x0000000000001584      0xd23 Core/Src/main.o
 .debug_macro   0x00000000000022a7     0xe09e Core/Src/main.o
 .debug_macro   0x0000000000010345       0x43 Core/Src/main.o
 .debug_macro   0x0000000000010388      0x174 Core/Src/main.o
 .debug_macro   0x00000000000104fc       0x5a Core/Src/main.o
 .debug_macro   0x0000000000010556      0x5be Core/Src/main.o
 .debug_macro   0x0000000000010b14      0x289 Core/Src/main.o
 .debug_macro   0x0000000000010d9d      0x1cb Core/Src/main.o
 .debug_macro   0x0000000000010f68      0x114 Core/Src/main.o
 .debug_macro   0x000000000001107c      0x1b2 Core/Src/main.o
 .debug_macro   0x000000000001122e       0x27 Core/Src/main.o
 .debug_macro   0x0000000000011255      0x136 Core/Src/main.o
 .debug_macro   0x000000000001138b      0x1bc Core/Src/main.o
 .debug_macro   0x0000000000011547       0x34 Core/Src/main.o
 .debug_macro   0x000000000001157b       0x3c Core/Src/main.o
 .debug_macro   0x00000000000115b7       0x57 Core/Src/main.o
 .debug_macro   0x000000000001160e       0x88 Core/Src/main.o
 .debug_macro   0x0000000000011696      0x241 Core/Src/main.o
 .debug_macro   0x00000000000118d7      0x141 Core/Src/main.o
 .debug_macro   0x0000000000011a18       0x65 Core/Src/main.o
 .debug_macro   0x0000000000011a7d      0x249 Core/Src/main.o
 .debug_macro   0x0000000000011cc6       0x83 Core/Src/main.o
 .debug_macro   0x0000000000011d49       0x46 Core/Src/main.o
 .debug_macro   0x0000000000011d8f       0x18 Core/Src/main.o
 .debug_macro   0x0000000000011da7       0x3c Core/Src/main.o
 .debug_macro   0x0000000000011de3       0x34 Core/Src/main.o
 .debug_macro   0x0000000000011e17       0x16 Core/Src/main.o
 .debug_macro   0x0000000000011e2d       0x35 Core/Src/main.o
 .debug_macro   0x0000000000011e62      0x32a Core/Src/main.o
 .debug_macro   0x000000000001218c       0x10 Core/Src/main.o
 .debug_macro   0x000000000001219c       0x52 Core/Src/main.o
 .debug_macro   0x00000000000121ee       0x1f Core/Src/main.o
 .debug_macro   0x000000000001220d       0x43 Core/Src/main.o
 .debug_macro   0x0000000000012250       0x20 Core/Src/main.o
 .debug_macro   0x0000000000012270      0x1a3 Core/Src/main.o
 .debug_macro   0x0000000000012413       0x10 Core/Src/main.o
 .debug_macro   0x0000000000012423       0x1c Core/Src/main.o
 .debug_macro   0x000000000001243f       0x52 Core/Src/main.o
 .debug_macro   0x0000000000012491       0x40 Core/Src/main.o
 .debug_macro   0x00000000000124d1       0x10 Core/Src/main.o
 .debug_macro   0x00000000000124e1       0x40 Core/Src/main.o
 .debug_macro   0x0000000000012521       0xd7 Core/Src/main.o
 .debug_macro   0x00000000000125f8       0x1c Core/Src/main.o
 .debug_macro   0x0000000000012614       0x3d Core/Src/main.o
 .debug_macro   0x0000000000012651       0x16 Core/Src/main.o
 .debug_macro   0x0000000000012667      0x145 Core/Src/main.o
 .debug_macro   0x00000000000127ac       0x16 Core/Src/main.o
 .debug_macro   0x00000000000127c2       0x16 Core/Src/main.o
 .debug_macro   0x00000000000127d8       0x29 Core/Src/main.o
 .debug_macro   0x0000000000012801       0x16 Core/Src/main.o
 .debug_macro   0x0000000000012817       0x20 Core/Src/main.o
 .debug_macro   0x0000000000012837       0x60 Core/Src/main.o
 .debug_macro   0x0000000000012897      0x1c8 Core/Src/main.o
 .debug_macro   0x0000000000012a5f      0x1a9 Core/Src/stm32f1xx_hal_msp.o
 .debug_macro   0x0000000000012c08      0x1b3 Core/Src/stm32f1xx_it.o
 .debug_macro   0x0000000000012dbb      0x1a5 Core/Src/system_stm32f1xx.o
 .debug_macro   0x0000000000012f60      0x1c3 Drivers/STM32F1xx_HAL_Driver/Src/stm32f1xx_hal.o
 .debug_macro   0x0000000000013123      0x19f Drivers/STM32F1xx_HAL_Driver/Src/stm32f1xx_hal_cortex.o
 .debug_macro   0x00000000000132c2      0x20a Drivers/STM32F1xx_HAL_Driver/Src/stm32f1xx_hal_gpio.o
 .debug_macro   0x00000000000134cc      0x1ab Drivers/STM32F1xx_HAL_Driver/Src/stm32f1xx_hal_pcd.o
 .debug_macro   0x0000000000013677      0x19f Drivers/STM32F1xx_HAL_Driver/Src/stm32f1xx_hal_pcd_ex.o
 .debug_macro   0x0000000000013816      0x1b1 Drivers/STM32F1xx_HAL_Driver/Src/stm32f1xx_hal_rcc.o
 .debug_macro   0x00000000000139c7      0x19f Drivers/STM32F1xx_HAL_Driver/Src/stm32f1xx_hal_rcc_ex.o
 .debug_macro   0x0000000000013b66      0x19f Drivers/STM32F1xx_HAL_Driver/Src/stm32f1xx_ll_usb.o
 .debug_macro   0x0000000000013d05      0x3b6 Middlewares/ST/STM32_USB_Device_Library/Class/CDC/Src/usbd_cdc.o
 .debug_macro   0x00000000000140bb       0x97 Middlewares/ST/STM32_USB_Device_Library/Class/CDC/Src/usbd_cdc.o
 .debug_macro   0x0000000000014152       0xfd Middlewares/ST/STM32_USB_Device_Library/Class/CDC/Src/usbd_cdc.o
 .debug_macro   0x000000000001424f       0xbd Middlewares/ST/STM32_USB_Device_Library/Class/CDC/Src/usbd_cdc.o
 .debug_macro   0x000000000001430c       0x54 Middlewares/ST/STM32_USB_Device_Library/Class/CDC/Src/usbd_cdc.o
 .debug_macro   0x0000000000014360       0x8f Middlewares/ST/STM32_USB_Device_Library/Class/CDC/Src/usbd_cdc.o
 .debug_macro   0x00000000000143ef      0x39d Middlewares/ST/STM32_USB_Device_Library/Core/Src/usbd_core.o
 .debug_macro   0x000000000001478c      0x1ce Middlewares/ST/STM32_USB_Device_Library/Core/Src/usbd_core.o
 .debug_macro   0x000000000001495a      0x3a7 Middlewares/ST/STM32_USB_Device_Library/Core/Src/usbd_ctlreq.o
 .debug_macro   0x0000000000014d01      0x3a3 Middlewares/ST/STM32_USB_Device_Library/Core/Src/usbd_ioreq.o
 .debug_macro   0x00000000000150a4      0x3dc USB_DEVICE/App/usb_device.o
 .debug_macro   0x0000000000015480       0x22 USB_DEVICE/App/usb_device.o
 .debug_macro   0x00000000000154a2       0x16 USB_DEVICE/App/usb_device.o
 .debug_macro   0x00000000000154b8      0x3c1 USB_DEVICE/App/usbd_cdc_if.o
 .debug_macro   0x0000000000015879       0x10 USB_DEVICE/App/usbd_cdc_if.o
 .debug_macro   0x0000000000015889      0x3da USB_DEVICE/App/usbd_desc.o
 .debug_macro   0x0000000000015c63       0x1c USB_DEVICE/App/usbd_desc.o
 .debug_macro   0x0000000000015c7f      0x3c0 USB_DEVICE/Target/usbd_conf.o

.debug_line     0x0000000000000000     0xb620
 .debug_line    0x0000000000000000      0x907 Core/Src/main.o
 .debug_line    0x0000000000000907      0x611 Core/Src/stm32f1xx_hal_msp.o
 .debug_line    0x0000000000000f18      0x6c6 Core/Src/stm32f1xx_it.o
 .debug_line    0x00000000000015de      0x641 Core/Src/system_stm32f1xx.o
 .debug_line    0x0000000000001c1f       0x84 Core/Startup/startup_stm32f103c8tx.o
 .debug_line    0x0000000000001ca3      0x7eb Drivers/STM32F1xx_HAL_Driver/Src/stm32f1xx_hal.o
 .debug_line    0x000000000000248e      0x8c2 Drivers/STM32F1xx_HAL_Driver/Src/stm32f1xx_hal_cortex.o
 .debug_line    0x0000000000002d50      0x7e9 Drivers/STM32F1xx_HAL_Driver/Src/stm32f1xx_hal_gpio.o
 .debug_line    0x0000000000003539      0xc4f Drivers/STM32F1xx_HAL_Driver/Src/stm32f1xx_hal_pcd.o
 .debug_line    0x0000000000004188      0x65c Drivers/STM32F1xx_HAL_Driver/Src/stm32f1xx_hal_pcd_ex.o
 .debug_line    0x00000000000047e4      0x8ab Drivers/STM32F1xx_HAL_Driver/Src/stm32f1xx_hal_rcc.o
 .debug_line    0x000000000000508f      0x6c9 Drivers/STM32F1xx_HAL_Driver/Src/stm32f1xx_hal_rcc_ex.o
 .debug_line    0x0000000000005758      0xc5c Drivers/STM32F1xx_HAL_Driver/Src/stm32f1xx_ll_usb.o
 .debug_line    0x00000000000063b4      0xabe Middlewares/ST/STM32_USB_Device_Library/Class/CDC/Src/usbd_cdc.o
 .debug_line    0x0000000000006e72      0xaf9 Middlewares/ST/STM32_USB_Device_Library/Core/Src/usbd_core.o
 .debug_line    0x000000000000796b      0xb82 Middlewares/ST/STM32_USB_Device_Library/Core/Src/usbd_ctlreq.o
 .debug_line    0x00000000000084ed      0x962 Middlewares/ST/STM32_USB_Device_Library/Core/Src/usbd_ioreq.o
 .debug_line    0x0000000000008e4f      0x944 USB_DEVICE/App/usb_device.o
 .debug_line    0x0000000000009793      0x977 USB_DEVICE/App/usbd_cdc_if.o
 .debug_line    0x000000000000a10a      0x996 USB_DEVICE/App/usbd_desc.o
 .debug_line    0x000000000000aaa0      0xb80 USB_DEVICE/Target/usbd_conf.o

.debug_str      0x0000000000000000    0x6ce0f
 .debug_str     0x0000000000000000    0x69fba Core/Src/main.o
                                      0x6a332 (size before relaxing)
 .debug_str     0x0000000000069fba       0x5a Core/Src/stm32f1xx_hal_msp.o
                                      0x65558 (size before relaxing)
 .debug_str     0x000000000006a014      0x3ee Core/Src/stm32f1xx_it.o
                                      0x658fb (size before relaxing)
 .debug_str     0x000000000006a402       0xc2 Core/Src/system_stm32f1xx.o
                                      0x655bf (size before relaxing)
 .debug_str     0x000000000006a4c4       0x36 Core/Startup/startup_stm32f103c8tx.o
                                         0x72 (size before relaxing)
 .debug_str     0x000000000006a4fa      0x625 Drivers/STM32F1xx_HAL_Driver/Src/stm32f1xx_hal.o
                                      0x65bd6 (size before relaxing)
 .debug_str     0x000000000006ab1f      0x2a0 Drivers/STM32F1xx_HAL_Driver/Src/stm32f1xx_hal_cortex.o
                                      0x65bde (size before relaxing)
 .debug_str     0x000000000006adbf      0x324 Drivers/STM32F1xx_HAL_Driver/Src/stm32f1xx_hal_gpio.o
                                      0x65909 (size before relaxing)
 .debug_str     0x000000000006b0e3      0x421 Drivers/STM32F1xx_HAL_Driver/Src/stm32f1xx_hal_pcd.o
                                      0x65c98 (size before relaxing)
 .debug_str     0x000000000006b504      0x18d Drivers/STM32F1xx_HAL_Driver/Src/stm32f1xx_hal_pcd_ex.o
                                      0x659e5 (size before relaxing)
 .debug_str     0x000000000006b691      0x263 Drivers/STM32F1xx_HAL_Driver/Src/stm32f1xx_hal_rcc.o
                                      0x65942 (size before relaxing)
 .debug_str     0x000000000006b8f4       0xb9 Drivers/STM32F1xx_HAL_Driver/Src/stm32f1xx_hal_rcc_ex.o
                                      0x656cf (size before relaxing)
 .debug_str     0x000000000006b9ad      0x28d Drivers/STM32F1xx_HAL_Driver/Src/stm32f1xx_ll_usb.o
                                      0x659f8 (size before relaxing)
 .debug_str     0x000000000006bc3a      0x8d9 Middlewares/ST/STM32_USB_Device_Library/Class/CDC/Src/usbd_cdc.o
                                      0x6ad51 (size before relaxing)
 .debug_str     0x000000000006c513      0x1b5 Middlewares/ST/STM32_USB_Device_Library/Core/Src/usbd_core.o
                                      0x6a64c (size before relaxing)
 .debug_str     0x000000000006c6c8      0x134 Middlewares/ST/STM32_USB_Device_Library/Core/Src/usbd_ctlreq.o
                                      0x6a5d2 (size before relaxing)
 .debug_str     0x000000000006c7fc       0xc9 Middlewares/ST/STM32_USB_Device_Library/Core/Src/usbd_ioreq.o
                                      0x6a55a (size before relaxing)
 .debug_str     0x000000000006c8c5      0x118 USB_DEVICE/App/usb_device.o
                                      0x6a8c1 (size before relaxing)
 .debug_str     0x000000000006c9dd       0x86 USB_DEVICE/App/usbd_cdc_if.o
                                      0x6a8f9 (size before relaxing)
 .debug_str     0x000000000006ca63      0x258 USB_DEVICE/App/usbd_desc.o
                                      0x6a4c5 (size before relaxing)
 .debug_str     0x000000000006ccbb      0x154 USB_DEVICE/Target/usbd_conf.o
                                      0x6b177 (size before relaxing)

.comment        0x0000000000000000       0x7b
 .comment       0x0000000000000000       0x7b Core/Src/main.o
                                         0x7c (size before relaxing)
 .comment       0x000000000000007b       0x7c Core/Src/stm32f1xx_hal_msp.o
 .comment       0x000000000000007b       0x7c Core/Src/stm32f1xx_it.o
 .comment       0x000000000000007b       0x7c Core/Src/system_stm32f1xx.o
 .comment       0x000000000000007b       0x7c Drivers/STM32F1xx_HAL_Driver/Src/stm32f1xx_hal.o
 .comment       0x000000000000007b       0x7c Drivers/STM32F1xx_HAL_Driver/Src/stm32f1xx_hal_cortex.o
 .comment       0x000000000000007b       0x7c Drivers/STM32F1xx_HAL_Driver/Src/stm32f1xx_hal_gpio.o
 .comment       0x000000000000007b       0x7c Drivers/STM32F1xx_HAL_Driver/Src/stm32f1xx_hal_pcd.o
 .comment       0x000000000000007b       0x7c Drivers/STM32F1xx_HAL_Driver/Src/stm32f1xx_hal_pcd_ex.o
 .comment       0x000000000000007b       0x7c Drivers/STM32F1xx_HAL_Driver/Src/stm32f1xx_hal_rcc.o
 .comment       0x000000000000007b       0x7c Drivers/STM32F1xx_HAL_Driver/Src/stm32f1xx_hal_rcc_ex.o
 .comment       0x000000000000007b       0x7c Drivers/STM32F1xx_HAL_Driver/Src/stm32f1xx_ll_usb.o
 .comment       0x000000000000007b       0x7c Middlewares/ST/STM32_USB_Device_Library/Class/CDC/Src/usbd_cdc.o
 .comment       0x000000000000007b       0x7c Middlewares/ST/STM32_USB_Device_Library/Core/Src/usbd_core.o
 .comment       0x000000000000007b       0x7c Middlewares/ST/STM32_USB_Device_Library/Core/Src/usbd_ctlreq.o
 .comment       0x000000000000007b       0x7c Middlewares/ST/STM32_USB_Device_Library/Core/Src/usbd_ioreq.o
 .comment       0x000000000000007b       0x7c USB_DEVICE/App/usb_device.o
 .comment       0x000000000000007b       0x7c USB_DEVICE/App/usbd_cdc_if.o
 .comment       0x000000000000007b       0x7c USB_DEVICE/App/usbd_desc.o
 .comment       0x000000000000007b       0x7c USB_DEVICE/Target/usbd_conf.o

.debug_frame    0x0000000000000000     0x2760
 .debug_frame   0x0000000000000000       0x94 Core/Src/main.o
 .debug_frame   0x0000000000000094       0x38 Core/Src/stm32f1xx_hal_msp.o
 .debug_frame   0x00000000000000cc      0x128 Core/Src/stm32f1xx_it.o
 .debug_frame   0x00000000000001f4       0x58 Core/Src/system_stm32f1xx.o
 .debug_frame   0x000000000000024c      0x334 Drivers/STM32F1xx_HAL_Driver/Src/stm32f1xx_hal.o
 .debug_frame   0x0000000000000580      0x428 Drivers/STM32F1xx_HAL_Driver/Src/stm32f1xx_hal_cortex.o
 .debug_frame   0x00000000000009a8      0x14c Drivers/STM32F1xx_HAL_Driver/Src/stm32f1xx_hal_gpio.o
 .debug_frame   0x0000000000000af4      0x578 Drivers/STM32F1xx_HAL_Driver/Src/stm32f1xx_hal_pcd.o
 .debug_frame   0x000000000000106c       0xb0 Drivers/STM32F1xx_HAL_Driver/Src/stm32f1xx_hal_pcd_ex.o
 .debug_frame   0x000000000000111c      0x21c Drivers/STM32F1xx_HAL_Driver/Src/stm32f1xx_hal_rcc.o
 .debug_frame   0x0000000000001338       0x84 Drivers/STM32F1xx_HAL_Driver/Src/stm32f1xx_hal_rcc_ex.o
 .debug_frame   0x00000000000013bc      0x400 Drivers/STM32F1xx_HAL_Driver/Src/stm32f1xx_ll_usb.o
 .debug_frame   0x00000000000017bc      0x248 Middlewares/ST/STM32_USB_Device_Library/Class/CDC/Src/usbd_cdc.o
 .debug_frame   0x0000000000001a04      0x300 Middlewares/ST/STM32_USB_Device_Library/Core/Src/usbd_core.o
 .debug_frame   0x0000000000001d04      0x218 Middlewares/ST/STM32_USB_Device_Library/Core/Src/usbd_ctlreq.o
 .debug_frame   0x0000000000001f1c      0x10c Middlewares/ST/STM32_USB_Device_Library/Core/Src/usbd_ioreq.o
 .debug_frame   0x0000000000002028       0x2c USB_DEVICE/App/usb_device.o
 .debug_frame   0x0000000000002054       0xbc USB_DEVICE/App/usbd_cdc_if.o
 .debug_frame   0x0000000000002110      0x160 USB_DEVICE/App/usbd_desc.o
 .debug_frame   0x0000000000002270      0x4a4 USB_DEVICE/Target/usbd_conf.o
 .debug_frame   0x0000000000002714       0x2c /opt/st/stm32cubeide_1.3.0/plugins/com.st.stm32cube.ide.mcu.externaltools.gnu-tools-for-stm32.7-2018-q2-update.linux64_1.0.0.201904181610/tools/bin/../lib/gcc/arm-none-eabi/7.3.1/../../../../arm-none-eabi/lib/thumb/v7-m/libc_nano.a(lib_a-init.o)
 .debug_frame   0x0000000000002740       0x20 /opt/st/stm32cubeide_1.3.0/plugins/com.st.stm32cube.ide.mcu.externaltools.gnu-tools-for-stm32.7-2018-q2-update.linux64_1.0.0.201904181610/tools/bin/../lib/gcc/arm-none-eabi/7.3.1/../../../../arm-none-eabi/lib/thumb/v7-m/libc_nano.a(lib_a-memset.o)
